add rax, rcx
sub bl, al
mov edx, 102
mov dx, cx
xor ecx, edx
xor ebx, 0xde123
